FILE_TYPE=LIBRARY_PARTS;
PRIMITIVE 'SLC7649S_121KLC','SLC7649S_121KLC_Other';
  PIN
    '1':
      PIN_NUMBER='(1)';
      NO_LOAD_CHECK=BOTH;
      NO_IO_CHECK=BOTH;
      ALLOW_CONNECT=TRUE;
      PINUSE='UNSPEC';
    '2':
      PIN_NUMBER='(2)';
      NO_LOAD_CHECK=BOTH;
      NO_IO_CHECK=BOTH;
      ALLOW_CONNECT=TRUE;
      PINUSE='UNSPEC';
  END_PIN;
  BODY
    PART_NAME='SLC7649S_121KLC';
    PHYS_DES_PREFIX='L';
    NO_LOAD_CHECK='TRUE';
    PIN_COUNT='2';
    BODY_NAME='SLC7649S_121KLC';
    JEDEC_TYPE='SLC7649S121KLC';
  END_BODY;
END_PRIMITIVE;
END.
